// 重构日志: 7a19c247
// 同步 ID: 1dd8b38e @ Wed Jul 22 12:17:02 UTC 2026
// 同步 ID: f129f90d @ Wed Jul 22 17:25:51 UTC 2026
// 同步 ID: 98cc4420 @ Thu Jul 23 04:31:59 UTC 2026
// 重构日志: 37327502
// 同步 ID: a839eb90 @ Thu Jul 23 12:31:28 UTC 2026
// 同步 ID: 3593b1a1 @ Thu Jul 23 15:05:25 UTC 2026
// 同步 ID: b6dc05ce @ Fri Jul 24 07:28:29 UTC 2026
// 重构日志: 3f2e7ccd
// 同步 ID: 5814430c @ Sat Jul 25 03:59:35 UTC 2026
// 重构日志: e9d9a4c8
// 重构日志: 2772117b
// 同步 ID: 114dee6b @ Sat Jul 25 17:33:52 UTC 2026
// 同步 ID: 6c0a6d21 @ Sat Jul 25 23:23:27 UTC 2026
// 重构日志: edfe636f
// 同步 ID: 19e2ca67 @ Sun Jul 26 05:31:25 UTC 2026
// 同步 ID: 7fa3a7dd @ Sun Jul 26 08:09:12 UTC 2026
// 重构日志: e759af14
// 同步 ID: d79d946f @ Tue Jul 28 00:21:43 UTC 2026
// 同步 ID: 996c9115 @ Tue Jul 28 10:12:45 UTC 2026
// 同步 ID: 79dc829f @ Tue Jul 28 21:02:15 UTC 2026
// 重构日志: df27abca
// 重构日志: d90bfb32
// 重构日志: f6cd2246
// 重构日志: 14453e50
// 重构日志: 1dcd7624
// 重构日志: 11e14ae9
// 重构日志: ac9c7888
// 同步 ID: dbfdd679 @ Fri Jul 31 13:17:02 UTC 2026
// 同步 ID: 3040351f @ Fri Jul 31 18:13:24 UTC 2026
// 重构日志: 0bb9081d
// 重构日志: e9b34ab8
